cost 112
1,1
2,1
3,1
4,1
5,1
6,1
7,1
8,1
9,1
10,1
11,4
12,3
13,3
14,4
15,4
16,3
17,3
18,0
19,0
20,0